// Jest Snapshot v1, https://goo.gl/fbAQLP

exports[`Basic Usage Snapshot 1`] = `
<DocumentFragment>
  <div
    class="MuiBox-root MuiBox-root-44 MyClass"
    data-testid="myId"
  >
    <div
      class="MuiBox-root MuiBox-root-45"
    >
      <div
        class="MuiBox-root MuiBox-root-46"
      >
        <svg
          aria-hidden="true"
          class="MuiSvgIcon-root"
          focusable="false"
          viewBox="0 0 24 24"
        >
          <path
            d="M18 8h-1V6c0-2.76-2.24-5-5-5S7 3.24 7 6v2H6c-1.1 0-2 .9-2 2v10c0 1.1.9 2 2 2h12c1.1 0 2-.9 2-2V10c0-1.1-.9-2-2-2zM9 6c0-1.66 1.34-3 3-3s3 1.34 3 3v2H9V6zm9 14H6V10h12v10zm-6-3c1.1 0 2-.9 2-2s-.9-2-2-2-2 .9-2 2 .9 2 2 2z"
          />
        </svg>
      </div>
    </div>
    <div
      class="MuiBox-root MuiBox-root-56"
    >
      MyTitle
    </div>
  </div>
</DocumentFragment>
`;
